This file contains any messages produced by compilers while
running configure, to aid debugging if configure makes a mistake.

It was created by LibTIFF Software configure 4.0.9, which was
generated by GNU Autoconf 2.69.  Invocation command line was

  $ ./configure --disable-shared --disable-jbig --disable-jpeg --disable-zlib --disable-lzma --disable-webp

## --------- ##
## Platform. ##
## --------- ##

hostname = 8217fe7bbaf9
uname -m = x86_64
uname -r = 6.10.11-linuxkit
uname -s = Linux
uname -v = #1 SMP PREEMPT_DYNAMIC Thu Oct  3 10:19:48 UTC 2024

/usr/bin/uname -p = x86_64
/bin/uname -X     = unknown

/bin/arch              = x86_64
/usr/bin/arch -k       = unknown
/usr/convex/getsysinfo = unknown
/usr/bin/hostinfo      = unknown
/bin/machine           = unknown
/usr/bin/oslevel       = unknown
/bin/universe          = unknown

PATH: /usr/local/sbin
PATH: /usr/local/bin
PATH: /usr/sbin
PATH: /usr/bin
PATH: /sbin
PATH: /bin
PATH: /tmp/llvm-130-install_O_D_A/bin
PATH: /home/klee/klee_build/bin
PATH: /home/klee/.local/bin


## ----------- ##
## Core tests. ##
## ----------- ##

configure:2833: checking build system type
configure:2847: result: x86_64-unknown-linux-gnu
configure:2867: checking host system type
configure:2880: result: x86_64-unknown-linux-gnu
configure:2917: checking for a BSD-compatible install
configure:2985: result: /usr/bin/install -c
configure:2996: checking whether build environment is sane
configure:3051: result: yes
configure:3202: checking for a thread-safe mkdir -p
configure:3241: result: /usr/bin/mkdir -p
configure:3248: checking for gawk
configure:3278: result: no
configure:3248: checking for mawk
configure:3264: found /usr/bin/mawk
configure:3275: result: mawk
configure:3286: checking whether make sets $(MAKE)
configure:3308: result: yes
configure:3337: checking whether make supports nested variables
configure:3354: result: yes
configure:3433: checking how to create a pax tar archive
configure:3444: tar --version
tar (GNU tar) 1.34
Copyright (C) 2021 Free Software Foundation, Inc.
License GPLv3+: GNU GPL version 3 or later <https://gnu.org/licenses/gpl.html>.
This is free software: you are free to change and redistribute it.
There is NO WARRANTY, to the extent permitted by law.

Written by John Gilmore and Jay Fenlason.
configure:3447: $? = 0
configure:3487: tardir=conftest.dir && eval tar --format=posix -chf - "$tardir" >conftest.tar
configure:3490: $? = 0
configure:3494: tar -xf - <conftest.tar
configure:3497: $? = 0
configure:3499: cat conftest.dir/file
GrepMe
configure:3502: $? = 0
configure:3515: result: gnutar
configure:3566: checking whether to enable maintainer-specific portions of Makefiles
configure:3575: result: no
configure:3670: checking for gcc
configure:3697: result: klee-clang
configure:3926: checking for C compiler version
configure:3935: klee-clang --version >&5
./configure: line 3937: klee-clang: command not found
configure:3946: $? = 127
configure:3935: klee-clang -v >&5
./configure: line 3937: klee-clang: command not found
configure:3946: $? = 127
configure:3935: klee-clang -V >&5
./configure: line 3937: klee-clang: command not found
configure:3946: $? = 127
configure:3935: klee-clang -qversion >&5
./configure: line 3937: klee-clang: command not found
configure:3946: $? = 127
configure:3966: checking whether the C compiler works
configure:3988: klee-clang    conftest.c  >&5
./configure: line 3990: klee-clang: command not found
configure:3992: $? = 127
configure:4030: result: no
configure: failed program was:
| /* confdefs.h */
| #define PACKAGE_NAME "LibTIFF Software"
| #define PACKAGE_TARNAME "tiff"
| #define PACKAGE_VERSION "4.0.9"
| #define PACKAGE_STRING "LibTIFF Software 4.0.9"
| #define PACKAGE_BUGREPORT "tiff@lists.maptools.org"
| #define PACKAGE_URL ""
| #define PACKAGE "tiff"
| #define VERSION "4.0.9"
| /* end confdefs.h.  */
| 
| int
| main ()
| {
| 
|   ;
|   return 0;
| }
configure:4035: error: in `/src':
configure:4037: error: C compiler cannot create executables
See `config.log' for more details

## ---------------- ##
## Cache variables. ##
## ---------------- ##

ac_cv_build=x86_64-unknown-linux-gnu
ac_cv_env_CCC_set=
ac_cv_env_CCC_value=
ac_cv_env_CC_set=set
ac_cv_env_CC_value=klee-clang
ac_cv_env_CFLAGS_set=
ac_cv_env_CFLAGS_value=
ac_cv_env_CPPFLAGS_set=
ac_cv_env_CPPFLAGS_value=
ac_cv_env_CPP_set=
ac_cv_env_CPP_value=
ac_cv_env_CXXCPP_set=
ac_cv_env_CXXCPP_value=
ac_cv_env_CXXFLAGS_set=
ac_cv_env_CXXFLAGS_value=
ac_cv_env_CXX_set=
ac_cv_env_CXX_value=
ac_cv_env_LDFLAGS_set=
ac_cv_env_LDFLAGS_value=
ac_cv_env_LIBS_set=
ac_cv_env_LIBS_value=
ac_cv_env_LT_SYS_LIBRARY_PATH_set=
ac_cv_env_LT_SYS_LIBRARY_PATH_value=
ac_cv_env_XMKMF_set=
ac_cv_env_XMKMF_value=
ac_cv_env_build_alias_set=
ac_cv_env_build_alias_value=
ac_cv_env_host_alias_set=
ac_cv_env_host_alias_value=
ac_cv_env_target_alias_set=
ac_cv_env_target_alias_value=
ac_cv_host=x86_64-unknown-linux-gnu
ac_cv_path_install='/usr/bin/install -c'
ac_cv_path_mkdir=/usr/bin/mkdir
ac_cv_prog_AWK=mawk
ac_cv_prog_ac_ct_CC=klee-clang
ac_cv_prog_make_make_set=yes
am_cv_make_support_nested_variables=yes
am_cv_prog_tar_pax=gnutar

## ----------------- ##
## Output variables. ##
## ----------------- ##

ACLOCAL='${SHELL} /src/config/missing aclocal-1.15'
AMDEPBACKSLASH=''
AMDEP_FALSE=''
AMDEP_TRUE=''
AMTAR='$${TAR-tar}'
AM_BACKSLASH='\'
AM_DEFAULT_V='$(AM_DEFAULT_VERBOSITY)'
AM_DEFAULT_VERBOSITY='1'
AM_V='$(V)'
AR=''
AS=''
AUTOCONF='${SHELL} /src/config/missing autoconf'
AUTOHEADER='${SHELL} /src/config/missing autoheader'
AUTOMAKE='${SHELL} /src/config/missing automake-1.15'
AWK='mawk'
CC='klee-clang'
CCDEPMODE=''
CFLAGS=''
CMAKE=''
CPP=''
CPPFLAGS=''
CXX=''
CXXCPP=''
CXXDEPMODE=''
CXXFLAGS=''
CYGPATH_W='echo'
DEFS=''
DEPDIR=''
DLLTOOL=''
DSYMUTIL=''
DUMPBIN=''
ECHO_C=''
ECHO_N='-n'
ECHO_T=''
EGREP=''
EXEEXT=''
FGREP=''
GLUT_CFLAGS=''
GLUT_LIBS=''
GLU_CFLAGS=''
GLU_LIBS=''
GL_CFLAGS=''
GL_LIBS=''
GREP=''
HAVE_CXX_FALSE=''
HAVE_CXX_TRUE=''
HAVE_JBIG_FALSE=''
HAVE_JBIG_TRUE=''
HAVE_JPEG_FALSE=''
HAVE_JPEG_TRUE=''
HAVE_LD_VERSION_SCRIPT_FALSE=''
HAVE_LD_VERSION_SCRIPT_TRUE=''
HAVE_LZMA_FALSE=''
HAVE_LZMA_TRUE=''
HAVE_OPENGL_FALSE=''
HAVE_OPENGL_TRUE=''
HAVE_RPATH_FALSE=''
HAVE_RPATH_TRUE=''
INSTALL_DATA='${INSTALL} -m 644'
INSTALL_PROGRAM='${INSTALL}'
INSTALL_SCRIPT='${INSTALL}'
INSTALL_STRIP_PROGRAM='$(install_sh) -c -s'
LD=''
LDFLAGS=''
LIBDIR=''
LIBOBJS=''
LIBS=''
LIBTIFF_ALPHA_VERSION=''
LIBTIFF_DOCDIR=''
LIBTIFF_MAJOR_VERSION='4'
LIBTIFF_MICRO_VERSION='9'
LIBTIFF_MINOR_VERSION='0'
LIBTIFF_RELEASE_DATE='20251120'
LIBTIFF_VERSION='4.0.9'
LIBTIFF_VERSION_INFO='8:0:3'
LIBTOOL=''
LIPO=''
LN_S=''
LTLIBOBJS=''
LT_SYS_LIBRARY_PATH=''
MAINT='#'
MAINTAINER_MODE_FALSE=''
MAINTAINER_MODE_TRUE='#'
MAKEINFO='${SHELL} /src/config/missing makeinfo'
MANIFEST_TOOL=''
MKDIR_P='/usr/bin/mkdir -p'
NM=''
NMEDIT=''
OBJDUMP=''
OBJEXT=''
OTOOL64=''
OTOOL=''
PACKAGE='tiff'
PACKAGE_BUGREPORT='tiff@lists.maptools.org'
PACKAGE_NAME='LibTIFF Software'
PACKAGE_STRING='LibTIFF Software 4.0.9'
PACKAGE_TARNAME='tiff'
PACKAGE_URL=''
PACKAGE_VERSION='4.0.9'
PATH_SEPARATOR=':'
PTHREAD_CC=''
PTHREAD_CFLAGS=''
PTHREAD_LIBS=''
RANLIB=''
SED=''
SET_MAKE=''
SHELL='/bin/bash'
STRIP=''
VERSION='4.0.9'
WIN32_IO_FALSE=''
WIN32_IO_TRUE=''
XMKMF=''
X_CFLAGS=''
X_EXTRA_LIBS=''
X_LIBS=''
X_PRE_LIBS=''
ac_ct_AR=''
ac_ct_CC='klee-clang'
ac_ct_CXX=''
ac_ct_DUMPBIN=''
am__EXEEXT_FALSE=''
am__EXEEXT_TRUE=''
am__fastdepCC_FALSE=''
am__fastdepCC_TRUE=''
am__fastdepCXX_FALSE=''
am__fastdepCXX_TRUE=''
am__include=''
am__isrc=''
am__leading_dot='.'
am__nodep=''
am__quote=''
am__tar='tar --format=posix -chf - "$$tardir"'
am__untar='tar -xf -'
ax_pthread_config=''
bindir='${exec_prefix}/bin'
build='x86_64-unknown-linux-gnu'
build_alias=''
build_cpu='x86_64'
build_os='linux-gnu'
build_vendor='unknown'
datadir='${datarootdir}'
datarootdir='${prefix}/share'
docdir='${datarootdir}/doc/${PACKAGE_TARNAME}'
dvidir='${docdir}'
exec_prefix='NONE'
host='x86_64-unknown-linux-gnu'
host_alias=''
host_cpu='x86_64'
host_os='linux-gnu'
host_vendor='unknown'
htmldir='${docdir}'
includedir='${prefix}/include'
infodir='${datarootdir}/info'
install_sh='${SHELL} /src/config/install-sh'
libdir='${exec_prefix}/lib'
libexecdir='${exec_prefix}/libexec'
localedir='${datarootdir}/locale'
localstatedir='${prefix}/var'
mandir='${datarootdir}/man'
mkdir_p='$(MKDIR_P)'
oldincludedir='/usr/include'
pdfdir='${docdir}'
prefix='NONE'
program_transform_name='s,x,x,'
psdir='${docdir}'
sbindir='${exec_prefix}/sbin'
sharedstatedir='${prefix}/com'
sysconfdir='${prefix}/etc'
target_alias=''
tiff_libs_private=''

## ----------- ##
## confdefs.h. ##
## ----------- ##

/* confdefs.h */
#define PACKAGE_NAME "LibTIFF Software"
#define PACKAGE_TARNAME "tiff"
#define PACKAGE_VERSION "4.0.9"
#define PACKAGE_STRING "LibTIFF Software 4.0.9"
#define PACKAGE_BUGREPORT "tiff@lists.maptools.org"
#define PACKAGE_URL ""
#define PACKAGE "tiff"
#define VERSION "4.0.9"

configure: exit 77
